Archive member included to satisfy reference by file (symbol)

C:/Users/puroh/.gemini/antigravity-ide/scratch/arm-gcc/xpack-arm-none-eabi-gcc-13.2.1-1.1/bin/../lib/gcc/arm-none-eabi/13.2.1/../../../../arm-none-eabi/lib\libc.a(libc_a-memset.o)
                              C:\Users\puroh\AppData\Local\Temp\ccu4Ppzg.o (memset)
C:/Users/puroh/.gemini/antigravity-ide/scratch/arm-gcc/xpack-arm-none-eabi-gcc-13.2.1-1.1/bin/../lib/gcc/arm-none-eabi/13.2.1/../../../../arm-none-eabi/lib\libc.a(libc_a-memcpy-stub.o)
                              C:\Users\puroh\AppData\Local\Temp\cci2XNt0.o (memcpy)

Discarded input sections

 .data          0x00000000        0x0 C:\Users\puroh\AppData\Local\Temp\ccCUEJNv.o
 .data          0x00000000        0x0 C:\Users\puroh\AppData\Local\Temp\cc4qGS5L.o
 .bss           0x00000000        0x0 C:\Users\puroh\AppData\Local\Temp\cc4qGS5L.o
 .data          0x00000000        0x0 C:\Users\puroh\AppData\Local\Temp\ccu4Ppzg.o
 .data          0x00000000        0x0 C:\Users\puroh\AppData\Local\Temp\cci2XNt0.o
 .data          0x00000000        0x0 C:\Users\puroh\AppData\Local\Temp\ccm0NkqP.o
 .bss           0x00000000        0x0 C:\Users\puroh\AppData\Local\Temp\ccm0NkqP.o
 .data          0x00000000        0x0 C:\Users\puroh\AppData\Local\Temp\ccGi68DL.o
 .data          0x00000000        0x0 C:\Users\puroh\AppData\Local\Temp\ccuQCMyI.o
 .bss           0x00000000        0x0 C:\Users\puroh\AppData\Local\Temp\ccuQCMyI.o
 .bss           0x00000000        0x0 C:\Users\puroh\AppData\Local\Temp\ccWeKY3J.o
 .text          0x00000000        0x0 C:/Users/puroh/.gemini/antigravity-ide/scratch/arm-gcc/xpack-arm-none-eabi-gcc-13.2.1-1.1/bin/../lib/gcc/arm-none-eabi/13.2.1/../../../../arm-none-eabi/lib\libc.a(libc_a-memset.o)
 .data          0x00000000        0x0 C:/Users/puroh/.gemini/antigravity-ide/scratch/arm-gcc/xpack-arm-none-eabi-gcc-13.2.1-1.1/bin/../lib/gcc/arm-none-eabi/13.2.1/../../../../arm-none-eabi/lib\libc.a(libc_a-memset.o)
 .bss           0x00000000        0x0 C:/Users/puroh/.gemini/antigravity-ide/scratch/arm-gcc/xpack-arm-none-eabi-gcc-13.2.1-1.1/bin/../lib/gcc/arm-none-eabi/13.2.1/../../../../arm-none-eabi/lib\libc.a(libc_a-memset.o)
 .text          0x00000000        0x0 C:/Users/puroh/.gemini/antigravity-ide/scratch/arm-gcc/xpack-arm-none-eabi-gcc-13.2.1-1.1/bin/../lib/gcc/arm-none-eabi/13.2.1/../../../../arm-none-eabi/lib\libc.a(libc_a-memcpy-stub.o)
 .data          0x00000000        0x0 C:/Users/puroh/.gemini/antigravity-ide/scratch/arm-gcc/xpack-arm-none-eabi-gcc-13.2.1-1.1/bin/../lib/gcc/arm-none-eabi/13.2.1/../../../../arm-none-eabi/lib\libc.a(libc_a-memcpy-stub.o)
 .bss           0x00000000        0x0 C:/Users/puroh/.gemini/antigravity-ide/scratch/arm-gcc/xpack-arm-none-eabi-gcc-13.2.1-1.1/bin/../lib/gcc/arm-none-eabi/13.2.1/../../../../arm-none-eabi/lib\libc.a(libc_a-memcpy-stub.o)

Memory Configuration

Name             Origin             Length             Attributes
flash            0x00000000         0x00080000         xr
ram              0x40000000         0x00008000         xrw
*default*        0x00000000         0xffffffff

Linker script and memory map

LOAD C:\Users\puroh\AppData\Local\Temp\ccCUEJNv.o
LOAD C:\Users\puroh\AppData\Local\Temp\cc4qGS5L.o
LOAD C:\Users\puroh\AppData\Local\Temp\ccu4Ppzg.o
LOAD C:\Users\puroh\AppData\Local\Temp\cci2XNt0.o
LOAD C:\Users\puroh\AppData\Local\Temp\ccm0NkqP.o
LOAD C:\Users\puroh\AppData\Local\Temp\ccGi68DL.o
LOAD C:\Users\puroh\AppData\Local\Temp\ccuQCMyI.o
LOAD C:\Users\puroh\AppData\Local\Temp\ccWeKY3J.o
START GROUP
LOAD C:/Users/puroh/.gemini/antigravity-ide/scratch/arm-gcc/xpack-arm-none-eabi-gcc-13.2.1-1.1/bin/../lib/gcc/arm-none-eabi/13.2.1\libgcc.a
LOAD C:/Users/puroh/.gemini/antigravity-ide/scratch/arm-gcc/xpack-arm-none-eabi-gcc-13.2.1-1.1/bin/../lib/gcc/arm-none-eabi/13.2.1/../../../../arm-none-eabi/lib\libc.a
END GROUP

.vectors        0x00000000       0x38
 *(.vectors)
 .vectors       0x00000000       0x38 C:\Users\puroh\AppData\Local\Temp\cc4qGS5L.o
                0x00000000                _start

.text           0x00000038     0x2dd4
 *(.text)
 .text          0x00000038       0xec C:\Users\puroh\AppData\Local\Temp\ccCUEJNv.o
                0x00000038                vControlTask
                0x00000084                vSafetyTask
                0x000000dc                MOTOR_IRQHandler
 .text          0x00000124       0xac C:\Users\puroh\AppData\Local\Temp\cc4qGS5L.o
                0x00000124                reset_handler
 .text          0x000001d0     0x15ec C:\Users\puroh\AppData\Local\Temp\ccu4Ppzg.o
                0x00000300                xTaskCreate
                0x00000518                vTaskDelete
                0x000005d0                uxTaskPriorityGet
                0x00000600                uxTaskPriorityGetFromISR
                0x00000618                vTaskPrioritySet
                0x0000070c                vTaskResume
                0x000007b8                xTaskResumeFromISR
                0x0000086c                vTaskStartScheduler
                0x000008ec                vTaskEndScheduler
                0x00000920                vTaskSuspendAll
                0x00000938                xTaskGetTickCount
                0x0000095c                xTaskGetTickCountFromISR
                0x0000096c                uxTaskGetNumberOfTasks
                0x0000097c                pcTaskGetName
                0x00000994                xTaskIncrementTick
                0x00000ac8                xTaskResumeAll
                0x00000bc0                xTaskDelayUntil
                0x00000c4c                vTaskDelay
                0x00000c84                xTaskCatchUpTicks
                0x00000ca8                vTaskSwitchContext
                0x00000d38                vTaskSuspend
                0x00000dec                vTaskPlaceOnEventList
                0x00000e18                vTaskPlaceOnUnorderedEventList
                0x00000e50                xTaskRemoveFromEventList
                0x00000edc                vTaskRemoveFromUnorderedEventList
                0x00000f4c                vTaskSetTimeOutState
                0x00000f7c                vTaskInternalSetTimeOutState
                0x00000f98                xTaskCheckForTimeOut
                0x00001028                vTaskMissedYield
                0x0000103c                xTaskGetCurrentTaskHandle
                0x0000104c                xTaskGetSchedulerState
                0x0000107c                xTaskPriorityInherit
                0x00001144                xTaskPriorityDisinherit
                0x000011d8                vTaskPriorityDisinheritAfterTimeout
                0x00001270                uxTaskResetEventItemValue
                0x00001298                pvTaskIncrementMutexHeldCount
                0x000012c0                ulTaskGenericNotifyTake
                0x00001374                xTaskGenericNotifyWait
                0x00001454                xTaskGenericNotify
                0x00001564                xTaskGenericNotifyFromISR
                0x00001680                vTaskGenericNotifyGiveFromISR
                0x00001730                xTaskGenericNotifyStateClear
                0x00001778                ulTaskGenericNotifyValueClear
 .text          0x000017bc      0xc38 C:\Users\puroh\AppData\Local\Temp\cci2XNt0.o
                0x000019a4                xQueueGenericReset
                0x00001a3c                xQueueGenericCreate
                0x00001a8c                xQueueCreateCountingSemaphore
                0x00001ab0                xQueueGenericSend
                0x00001c00                xQueueCreateMutex
                0x00001c44                xQueueGiveMutexRecursive
                0x00001c94                xQueueGenericSendFromISR
                0x00001d2c                xQueueGiveFromISR
                0x00001dac                xQueueReceive
                0x00001ee4                xQueueSemaphoreTake
                0x00002070                xQueueTakeMutexRecursive
                0x000020c4                xQueuePeek
                0x00002200                xQueueReceiveFromISR
                0x00002280                xQueuePeekFromISR
                0x000022b4                uxQueueMessagesWaiting
                0x000022d4                uxQueueSpacesAvailable
                0x000022fc                uxQueueMessagesWaitingFromISR
                0x00002304                xQueueIsQueueEmptyFromISR
                0x00002314                xQueueIsQueueFullFromISR
                0x0000232c                vQueueAddToRegistry
                0x00002364                pcQueueGetName
                0x0000239c                vQueueUnregisterQueue
                0x000023d8                vQueueDelete
 .text          0x000023f4       0xec C:\Users\puroh\AppData\Local\Temp\ccm0NkqP.o
                0x000023f4                vListInitialise
                0x00002418                vListInitialiseItem
                0x00002424                vListInsertEnd
                0x00002450                vListInsert
                0x000024a8                uxListRemove
 .text          0x000024e0      0x31c C:\Users\puroh\AppData\Local\Temp\ccGi68DL.o
                0x0000255c                pvPortMalloc
                0x000026d4                vPortFree
                0x00002740                xPortGetFreeHeapSize
                0x00002750                xPortGetMinimumEverFreeHeapSize
                0x00002760                vPortInitialiseBlocks
                0x00002764                vPortGetHeapStats
 .text          0x000027fc      0x13c C:\Users\puroh\AppData\Local\Temp\ccuQCMyI.o
                0x000027fc                pxPortInitialiseStack
                0x000028c4                xPortStartScheduler
                0x00002934                vPortEndScheduler
 .text          0x00002938      0x230 C:\Users\puroh\AppData\Local\Temp\ccWeKY3J.o
                0x00002938                vPortISRStartFirstTask
                0x00002984                vPortYieldProcessor
                0x00002a28                vTickISR
                0x00002af0                vPortEnterCritical
                0x00002b1c                vPortExitCritical
 *(.text.*)
 .text.startup  0x00002b68       0x7c C:\Users\puroh\AppData\Local\Temp\ccCUEJNv.o
                0x00002b68                main
 .text.memset   0x00002be4       0xfc C:/Users/puroh/.gemini/antigravity-ide/scratch/arm-gcc/xpack-arm-none-eabi-gcc-13.2.1-1.1/bin/../lib/gcc/arm-none-eabi/13.2.1/../../../../arm-none-eabi/lib\libc.a(libc_a-memset.o)
                0x00002be4                memset
 .text.memcpy   0x00002ce0      0x114 C:/Users/puroh/.gemini/antigravity-ide/scratch/arm-gcc/xpack-arm-none-eabi-gcc-13.2.1-1.1/bin/../lib/gcc/arm-none-eabi/13.2.1/../../../../arm-none-eabi/lib\libc.a(libc_a-memcpy-stub.o)
                0x00002ce0                memcpy
 *(.rodata)
 .rodata        0x00002df4        0x4 C:\Users\puroh\AppData\Local\Temp\ccu4Ppzg.o
                0x00002df4                uxTopUsedPriority
 *(.rodata.*)
 .rodata.str1.1
                0x00002df8       0x14 C:\Users\puroh\AppData\Local\Temp\ccCUEJNv.o
                                  0xf (size before relaxing)
 .rodata.str1.1
                0x00002e0c        0x5 C:\Users\puroh\AppData\Local\Temp\ccu4Ppzg.o
 *(.glue_7)
 .glue_7        0x00002e0c        0x0 linker stubs
 *(.glue_7t)
 .glue_7t       0x00002e0c        0x0 linker stubs
                0x00002e0c                        _etext = .
                0x00002e0c                        _sidata = LOADADDR (.data)

.vfp11_veneer   0x00002e0c        0x0
 .vfp11_veneer  0x00002e0c        0x0 linker stubs

.v4_bx          0x00002e0c        0x0
 .v4_bx         0x00002e0c        0x0 linker stubs

.iplt           0x00002e0c        0x0
 .iplt          0x00002e0c        0x0 C:\Users\puroh\AppData\Local\Temp\ccCUEJNv.o

.rel.dyn        0x00002e0c        0x0
 .rel.iplt      0x00002e0c        0x0 C:\Users\puroh\AppData\Local\Temp\ccCUEJNv.o

.data           0x40000000        0x4 load address 0x00002e0c
                0x40000000                        _sdata = .
 *(.data)
 .data          0x40000000        0x4 C:\Users\puroh\AppData\Local\Temp\ccWeKY3J.o
                0x40000000                ulCriticalNesting
 *(.data.*)
                0x40000004                        . = ALIGN (0x4)
                0x40000004                        _edata = .

.igot.plt       0x40000004        0x0 load address 0x00002e10
 .igot.plt      0x40000004        0x0 C:\Users\puroh\AppData\Local\Temp\ccCUEJNv.o

.bss            0x40000004     0x3da8 load address 0x00002e10
                0x40000004                        _sbss = .
                0x40000004                        __bss_start__ = _sbss
 *(.bss)
 .bss           0x40000004        0x8 C:\Users\puroh\AppData\Local\Temp\ccCUEJNv.o
                0x40000004                xMotorMutex
                0x40000008                motorSpeed
 .bss           0x4000000c      0x140 C:\Users\puroh\AppData\Local\Temp\ccu4Ppzg.o
                0x40000010                pxCurrentTCB
 .bss           0x4000014c       0x40 C:\Users\puroh\AppData\Local\Temp\cci2XNt0.o
                0x4000014c                xQueueRegistry
 .bss           0x4000018c     0x3c20 C:\Users\puroh\AppData\Local\Temp\ccGi68DL.o
 *(.bss.*)
 *(COMMON)
                0x40003dac                        . = ALIGN (0x4)
                0x40003dac                        _ebss = .
                0x40003dac                        __bss_end__ = _ebss

.heap           0x40003dac     0x1000 load address 0x00002e10
                0x40003dac                        . = ALIGN (0x4)
                0x40003dac                        _sheap = .
                0x40004dac                        . = (. + 0x1000)
 *fill*         0x40003dac     0x1000 
                0x40004dac                        _eheap = .

.stack          0x40004dac     0x1704 load address 0x00002e10
                0x40004db0                        . = ALIGN (0x8)
 *fill*         0x40004dac        0x4 
                0x40004db0                        _stack_und_start = .
                0x40004eb0                        . = (. + 0x100)
 *fill*         0x40004db0      0x100 
                0x40004eb0                        _stack_und_end = .
                0x40004eb0                        _stack_abt_start = .
                0x40004fb0                        . = (. + 0x100)
 *fill*         0x40004eb0      0x100 
                0x40004fb0                        _stack_abt_end = .
                0x40004fb0                        _stack_fiq_start = .
                0x400050b0                        . = (. + 0x100)
 *fill*         0x40004fb0      0x100 
                0x400050b0                        _stack_fiq_end = .
                0x400050b0                        _stack_irq_start = .
                0x400054b0                        . = (. + 0x400)
 *fill*         0x400050b0      0x400 
                0x400054b0                        _stack_irq_end = .
                0x400054b0                        _stack_svc_start = .
                0x40005cb0                        . = (. + 0x800)
 *fill*         0x400054b0      0x800 
                0x40005cb0                        _stack_svc_end = .
                0x40005cb0                        _stack_usr_start = .
                0x400064b0                        . = (. + 0x800)
 *fill*         0x40005cb0      0x800 
                0x400064b0                        _stack_usr_end = .
                0x400064b0                        _stack_end = .
                0x400064b0                        _estack = _stack_usr_end
OUTPUT(firmware.elf elf32-littlearm)
LOAD linker stubs

.comment        0x00000000       0x39
 .comment       0x00000000       0x39 C:\Users\puroh\AppData\Local\Temp\ccCUEJNv.o
                                 0x3a (size before relaxing)
 .comment       0x00000039       0x3a C:\Users\puroh\AppData\Local\Temp\ccu4Ppzg.o
 .comment       0x00000039       0x3a C:\Users\puroh\AppData\Local\Temp\cci2XNt0.o
 .comment       0x00000039       0x3a C:\Users\puroh\AppData\Local\Temp\ccm0NkqP.o
 .comment       0x00000039       0x3a C:\Users\puroh\AppData\Local\Temp\ccGi68DL.o
 .comment       0x00000039       0x3a C:\Users\puroh\AppData\Local\Temp\ccuQCMyI.o
 .comment       0x00000039       0x3a C:\Users\puroh\AppData\Local\Temp\ccWeKY3J.o
 .comment       0x00000039       0x3a C:/Users/puroh/.gemini/antigravity-ide/scratch/arm-gcc/xpack-arm-none-eabi-gcc-13.2.1-1.1/bin/../lib/gcc/arm-none-eabi/13.2.1/../../../../arm-none-eabi/lib\libc.a(libc_a-memset.o)
 .comment       0x00000039       0x3a C:/Users/puroh/.gemini/antigravity-ide/scratch/arm-gcc/xpack-arm-none-eabi-gcc-13.2.1-1.1/bin/../lib/gcc/arm-none-eabi/13.2.1/../../../../arm-none-eabi/lib\libc.a(libc_a-memcpy-stub.o)

.ARM.attributes
                0x00000000       0x28
 .ARM.attributes
                0x00000000       0x2a C:\Users\puroh\AppData\Local\Temp\ccCUEJNv.o
 .ARM.attributes
                0x0000002a       0x1a C:\Users\puroh\AppData\Local\Temp\cc4qGS5L.o
 .ARM.attributes
                0x00000044       0x2a C:\Users\puroh\AppData\Local\Temp\ccu4Ppzg.o
 .ARM.attributes
                0x0000006e       0x2a C:\Users\puroh\AppData\Local\Temp\cci2XNt0.o
 .ARM.attributes
                0x00000098       0x2a C:\Users\puroh\AppData\Local\Temp\ccm0NkqP.o
 .ARM.attributes
                0x000000c2       0x2a C:\Users\puroh\AppData\Local\Temp\ccGi68DL.o
 .ARM.attributes
                0x000000ec       0x2a C:\Users\puroh\AppData\Local\Temp\ccuQCMyI.o
 .ARM.attributes
                0x00000116       0x2a C:\Users\puroh\AppData\Local\Temp\ccWeKY3J.o
 .ARM.attributes
                0x00000140       0x2a C:/Users/puroh/.gemini/antigravity-ide/scratch/arm-gcc/xpack-arm-none-eabi-gcc-13.2.1-1.1/bin/../lib/gcc/arm-none-eabi/13.2.1/../../../../arm-none-eabi/lib\libc.a(libc_a-memset.o)
 .ARM.attributes
                0x0000016a       0x2a C:/Users/puroh/.gemini/antigravity-ide/scratch/arm-gcc/xpack-arm-none-eabi-gcc-13.2.1-1.1/bin/../lib/gcc/arm-none-eabi/13.2.1/../../../../arm-none-eabi/lib\libc.a(libc_a-memcpy-stub.o)
